\BOOKMARK [1][-]{section.1}{\376\377\000E\000x\000e\000c\000u\000t\000i\000v\000e\000\040\000S\000u\000m\000m\000a\000r\000y}{}% 1
\BOOKMARK [1][-]{section.2}{\376\377\000P\000r\000o\000b\000l\000e\000m\000\040\000S\000t\000a\000t\000e\000m\000e\000n\000t}{}% 2
\BOOKMARK [1][-]{section.3}{\376\377\000P\000r\000o\000p\000o\000s\000e\000d\000\040\000S\000o\000l\000u\000t\000i\000o\000n}{}% 3
\BOOKMARK [1][-]{section.4}{\376\377\000M\000V\000P\000\040\000S\000c\000o\000p\000e\000\040\000a\000n\000d\000\040\000P\000r\000i\000o\000r\000i\000t\000i\000z\000a\000t\000i\000o\000n}{}% 4
\BOOKMARK [1][-]{section.5}{\376\377\000F\000u\000n\000c\000t\000i\000o\000n\000a\000l\000\040\000C\000a\000p\000a\000b\000i\000l\000i\000t\000i\000e\000s}{}% 5
\BOOKMARK [2][-]{subsection.5.1}{\376\377\000F\000e\000a\000t\000u\000r\000e\000\040\0001\000\040\040\024\000\040\000P\000o\000r\000t\000f\000o\000l\000i\000o\000\040\000P\000e\000r\000f\000o\000r\000m\000a\000n\000c\000e\000\040\000M\000o\000n\000i\000t\000o\000r\000i\000n\000g}{section.5}% 6
\BOOKMARK [2][-]{subsection.5.2}{\376\377\000F\000e\000a\000t\000u\000r\000e\000\040\0002\000\040\040\024\000\040\000Q\000A\000\040\000/\000\040\000V\000o\000i\000c\000e\000b\000o\000t\000\040\000C\000a\000l\000l\000\040\000I\000n\000v\000e\000s\000t\000i\000g\000a\000t\000i\000o\000n}{section.5}% 7
\BOOKMARK [2][-]{subsection.5.3}{\376\377\000F\000e\000a\000t\000u\000r\000e\000\040\0003\000\040\040\024\000\040\000C\000l\000i\000e\000n\000t\000\040\000R\000e\000q\000u\000e\000s\000t\000\040\041\222\000\040\000E\000n\000g\000i\000n\000e\000e\000r\000i\000n\000g\000\040\000T\000i\000c\000k\000e\000t}{section.5}% 8
\BOOKMARK [2][-]{subsection.5.4}{\376\377\000F\000e\000a\000t\000u\000r\000e\000\040\0004\000\040\040\024\000\040\000C\000a\000l\000l\000i\000n\000g\000-\000W\000i\000n\000d\000o\000w\000\040\000V\000a\000l\000i\000d\000a\000t\000i\000o\000n}{section.5}% 9
\BOOKMARK [2][-]{subsection.5.5}{\376\377\000F\000e\000a\000t\000u\000r\000e\000\040\0005\000\040\040\024\000\040\000C\000l\000i\000e\000n\000t\000\040\000S\000c\000r\000i\000p\000t\000\040\041\222\000\040\000S\000t\000r\000u\000c\000t\000u\000r\000e\000d\000\040\000V\000o\000i\000c\000e\000b\000o\000t\000\040\000F\000l\000o\000w\000\040\000\050\000E\000x\000t\000e\000n\000d\000e\000d\000\051}{section.5}% 10
\BOOKMARK [2][-]{subsection.5.6}{\376\377\000F\000e\000a\000t\000u\000r\000e\000\040\0006\000\040\040\024\000\040\000V\000o\000i\000c\000e\000b\000o\000t\000\040\000P\000r\000o\000m\000p\000t\000\040\000D\000i\000a\000g\000n\000o\000s\000i\000s\000\040\000\046\000\040\000I\000m\000p\000r\000o\000v\000e\000m\000e\000n\000t\000\040\000\050\000E\000x\000t\000e\000n\000d\000e\000d\000\051}{section.5}% 11
\BOOKMARK [2][-]{subsection.5.7}{\376\377\000F\000e\000a\000t\000u\000r\000e\000\040\0007\000\040\040\024\000\040\000C\000o\000m\000p\000l\000i\000a\000n\000c\000e\000\040\000C\000o\000n\000c\000e\000r\000n\000\040\000I\000n\000v\000e\000s\000t\000i\000g\000a\000t\000i\000o\000n\000\040\000\050\000E\000x\000t\000e\000n\000d\000e\000d\000\051}{section.5}% 12
\BOOKMARK [1][-]{section.6}{\376\377\000P\000r\000o\000d\000u\000c\000t\000i\000o\000n\000\040\000A\000r\000c\000h\000i\000t\000e\000c\000t\000u\000r\000e}{}% 13
\BOOKMARK [2][-]{subsection.6.1}{\376\377\000C\000o\000n\000c\000e\000p\000t\000u\000a\000l\000\040\000D\000a\000t\000a\000\040\000F\000l\000o\000w}{section.6}% 14
\BOOKMARK [2][-]{subsection.6.2}{\376\377\000C\000o\000r\000e\000\040\000D\000a\000t\000a\000\040\000M\000o\000d\000e\000l}{section.6}% 15
\BOOKMARK [2][-]{subsection.6.3}{\376\377\000I\000n\000g\000e\000s\000t\000i\000o\000n\000\040\000a\000n\000d\000\040\000D\000a\000t\000a\000\040\000Q\000u\000a\000l\000i\000t\000y}{section.6}% 16
\BOOKMARK [2][-]{subsection.6.4}{\376\377\000V\000e\000r\000s\000i\000o\000n\000i\000n\000g\000\040\000a\000n\000d\000\040\000S\000o\000u\000r\000c\000e\000-\000o\000f\000-\000T\000r\000u\000t\000h}{section.6}% 17
\BOOKMARK [1][-]{section.7}{\376\377\000D\000a\000t\000a\000\040\000\046\000\040\000I\000n\000t\000e\000g\000r\000a\000t\000i\000o\000n\000s}{}% 18
\BOOKMARK [1][-]{section.8}{\376\377\000A\000I\000-\000A\000s\000s\000i\000s\000t\000e\000d\000\040\000A\000u\000t\000o\000m\000a\000t\000i\000o\000n\000\040\000\046\000\040\000H\000u\000m\000a\000n\000\040\000O\000v\000e\000r\000s\000i\000g\000h\000t}{}% 19
\BOOKMARK [2][-]{subsection.8.1}{\376\377\000T\000a\000s\000k\000\040\000A\000l\000l\000o\000c\000a\000t\000i\000o\000n}{section.8}% 20
\BOOKMARK [2][-]{subsection.8.2}{\376\377\000A\000I\000\040\000G\000o\000v\000e\000r\000n\000a\000n\000c\000e}{section.8}% 21
\BOOKMARK [1][-]{section.9}{\376\377\000S\000e\000c\000u\000r\000i\000t\000y\000\040\000\046\000\040\000C\000o\000m\000p\000l\000i\000a\000n\000c\000e}{}% 22
\BOOKMARK [1][-]{section.10}{\376\377\000O\000b\000s\000e\000r\000v\000a\000b\000i\000l\000i\000t\000y\000\040\000\046\000\040\000R\000e\000l\000i\000a\000b\000i\000l\000i\000t\000y}{}% 23
\BOOKMARK [2][-]{subsection.10.1}{\376\377\000S\000y\000s\000t\000e\000m\000\040\000O\000b\000s\000e\000r\000v\000a\000b\000i\000l\000i\000t\000y}{section.10}% 24
\BOOKMARK [2][-]{subsection.10.2}{\376\377\000O\000p\000e\000r\000a\000t\000i\000o\000n\000a\000l\000\040\000O\000b\000s\000e\000r\000v\000a\000b\000i\000l\000i\000t\000y}{section.10}% 25
\BOOKMARK [1][-]{section.11}{\376\377\000T\000e\000s\000t\000i\000n\000g\000\040\000\046\000\040\000Q\000u\000a\000l\000i\000t\000y\000\040\000A\000s\000s\000u\000r\000a\000n\000c\000e}{}% 26
\BOOKMARK [1][-]{section.12}{\376\377\000D\000e\000p\000l\000o\000y\000m\000e\000n\000t\000\040\000/\000\040\000C\000I\000/\000C\000D\000\040\000/\000\040\000E\000n\000v\000i\000r\000o\000n\000m\000e\000n\000t\000s}{}% 27
\BOOKMARK [2][-]{subsection.12.1}{\376\377\000M\000V\000P\000\040\000D\000e\000p\000l\000o\000y\000m\000e\000n\000t}{section.12}% 28
\BOOKMARK [2][-]{subsection.12.2}{\376\377\000P\000r\000o\000d\000u\000c\000t\000i\000o\000n\000\040\000E\000n\000v\000i\000r\000o\000n\000m\000e\000n\000t\000s}{section.12}% 29
\BOOKMARK [2][-]{subsection.12.3}{\376\377\000C\000I\000/\000C\000D\000\040\000P\000i\000p\000e\000l\000i\000n\000e}{section.12}% 30
\BOOKMARK [2][-]{subsection.12.4}{\376\377\000Q\000u\000a\000l\000i\000t\000y\000\040\000G\000a\000t\000e\000s\000,\000\040\000R\000o\000l\000l\000b\000a\000c\000k\000,\000\040\000a\000n\000d\000\040\000C\000o\000n\000f\000i\000g\000u\000r\000a\000t\000i\000o\000n}{section.12}% 31
\BOOKMARK [1][-]{section.13}{\376\377\000R\000o\000l\000l\000o\000u\000t\000\040\000P\000l\000a\000n}{}% 32
\BOOKMARK [1][-]{section.14}{\376\377\000R\000i\000s\000k\000s\000,\000\040\000A\000s\000s\000u\000m\000p\000t\000i\000o\000n\000s\000\040\000\046\000\040\000D\000e\000p\000e\000n\000d\000e\000n\000c\000i\000e\000s}{}% 33
\BOOKMARK [2][-]{subsection.14.1}{\376\377\000R\000i\000s\000k\000s}{section.14}% 34
\BOOKMARK [2][-]{subsection.14.2}{\376\377\000A\000s\000s\000u\000m\000p\000t\000i\000o\000n\000s}{section.14}% 35
\BOOKMARK [1][-]{section.15}{\376\377\000N\000o\000n\000-\000G\000o\000a\000l\000s}{}% 36
\BOOKMARK [1][-]{section.16}{\376\377\000D\000e\000f\000i\000n\000i\000t\000i\000o\000n\000\040\000o\000f\000\040\000D\000o\000n\000e}{}% 37
